// Jest Snapshot v1, https://goo.gl/fbAQLP

exports[`renders correctly 1`] = `
<Component
  style={
    Object {
      "backgroundColor": "red",
      "height": 100,
      "left": 0,
      "position": "absolute",
      "right": 0,
      "top": 0,
    }
  }
/>
`;
