// Jest Snapshot v1, https://goo.gl/fbAQLP

exports[`renders its children 1`] = `
<Component
  style={
    Object {
      "alignItems": "center",
      "backgroundColor": "yellow",
      "flex": 1,
      "flexDirection": "column",
      "justifyContent": "center",
    }
  }
>
  <Text
    accessible={true}
    allowFontScaling={true}
    ellipsizeMode="tail"
  >
    Hello
  </Text>
  <Text
    accessible={true}
    allowFontScaling={true}
    ellipsizeMode="tail"
  >
    There!
  </Text>
</Component>
`;
